<html>
<body>
<pre>
<h1>µVision Build Log</h1>
<h2>Project:</h2>
C:\temp\lt696\systems-assessment\gpio.uvproj
Project File Date:  05/17/2016

<h2>Output:</h2>
Build target 'STM32F407 Flash'
compiling main.c...
linking...
Program Size: Code=11646 RO-data=642 RW-data=84 ZI-data=5292  
".\Flash\gpio.axf" - 0 Error(s), 0 Warning(s).
Load "C:\\temp\\lt696\\systems-assessment\\Flash\\gpio.AXF" 
Erase Done.
Programming Done.
Verify OK.
Build target 'STM32F407 Flash'
compiling main.c...
linking...
Program Size: Code=11646 RO-data=642 RW-data=84 ZI-data=5292  
".\Flash\gpio.axf" - 0 Error(s), 0 Warning(s).
Load "C:\\temp\\lt696\\systems-assessment\\Flash\\gpio.AXF" 
Erase Done.
Programming Done.
Verify OK.
