<html>
<body>
<pre>
<h1>µVision Build Log</h1>
<h2>Project:</h2>
C:\temp\lt696\systems-assessment\gpio.uvproj
Project File Date:  05/16/2016

<h2>Output:</h2>
Build target 'STM32F407 Flash'
compiling system_stm32f4xx.c...
compiling retarget.c...
compiling serial.c...
compiling delay.c...
compiling misc.c...
compiling stm32f4_discovery.c...
compiling stm32f4xx_adc.c...
compiling stm32f4xx_can.c...
compiling stm32f4xx_crc.c...
compiling stm32f4xx_cryp.c...
compiling stm32f4xx_cryp_aes.c...
compiling stm32f4xx_cryp_des.c...
compiling stm32f4xx_cryp_tdes.c...
compiling stm32f4xx_dac.c...
compiling stm32f4xx_dbgmcu.c...
compiling stm32f4xx_dcmi.c...
compiling stm32f4xx_dma.c...
compiling stm32f4xx_exti.c...
compiling stm32f4xx_flash.c...
compiling stm32f4xx_fsmc.c...
compiling stm32f4xx_gpio.c...
compiling stm32f4xx_hash.c...
compiling stm32f4xx_hash_md5.c...
compiling stm32f4xx_hash_sha1.c...
compiling stm32f4xx_i2c.c...
compiling stm32f4xx_iwdg.c...
compiling stm32f4xx_pwr.c...
compiling stm32f4xx_rcc.c...
compiling stm32f4xx_rng.c...
compiling stm32f4xx_rtc.c...
compiling stm32f4xx_sdio.c...
compiling stm32f4xx_spi.c...
compiling stm32f4xx_syscfg.c...
compiling stm32f4xx_tim.c...
compiling stm32f4xx_usart.c...
compiling stm32f4xx_wwdg.c...
compiling main.c...
compiling lcd.c...
linking...
Program Size: Code=11586 RO-data=642 RW-data=84 ZI-data=5260  
".\Flash\gpio.axf" - 0 Error(s), 0 Warning(s).
Load "C:\\temp\\lt696\\systems-assessment\\Flash\\gpio.AXF" 
Erase Done.
Programming Done.
Verify OK.
Build target 'STM32F407 Flash'
compiling main.c...
linking...
Program Size: Code=11446 RO-data=642 RW-data=80 ZI-data=5264  
".\Flash\gpio.axf" - 0 Error(s), 0 Warning(s).
Build target 'STM32F407 Flash'
compiling main.c...
main.c(125): warning:  #186-D: pointless comparison of unsigned integer with zero
linking...
Program Size: Code=12178 RO-data=642 RW-data=80 ZI-data=5264  
".\Flash\gpio.axf" - 0 Error(s), 1 Warning(s).
Build target 'STM32F407 Flash'
compiling main.c...
linking...
Program Size: Code=12154 RO-data=642 RW-data=80 ZI-data=5264  
".\Flash\gpio.axf" - 0 Error(s), 0 Warning(s).
Load "C:\\temp\\lt696\\systems-assessment\\Flash\\gpio.AXF" 
Load "C:\\temp\\lt696\\systems-assessment\\Flash\\gpio.AXF" 
Load "C:\\temp\\lt696\\systems-assessment\\Flash\\gpio.AXF" 
Load "C:\\temp\\lt696\\systems-assessment\\Flash\\gpio.AXF" 
Load "C:\\temp\\lt696\\systems-assessment\\Flash\\gpio.AXF" 
Load "C:\\temp\\lt696\\systems-assessment\\Flash\\gpio.AXF" 
Load "C:\\temp\\lt696\\systems-assessment\\Flash\\gpio.AXF" 
Load "C:\\temp\\lt696\\systems-assessment\\Flash\\gpio.AXF" 
Load "C:\\temp\\lt696\\systems-assessment\\Flash\\gpio.AXF" 
Build target 'STM32F407 Flash'
linking...
Program Size: Code=12154 RO-data=642 RW-data=80 ZI-data=5264  
".\Flash\gpio.axf" - 0 Error(s), 0 Warning(s).
Load "C:\\temp\\lt696\\systems-assessment\\Flash\\gpio.AXF" 
Build target 'STM32F407 Flash'
linking...
Program Size: Code=12154 RO-data=642 RW-data=80 ZI-data=5264  
".\Flash\gpio.axf" - 0 Error(s), 0 Warning(s).
Load "C:\\temp\\lt696\\systems-assessment\\Flash\\gpio.AXF" 
Build target 'STM32F407 Flash'
linking...
Program Size: Code=12154 RO-data=642 RW-data=80 ZI-data=5264  
".\Flash\gpio.axf" - 0 Error(s), 0 Warning(s).
Load "C:\\temp\\lt696\\systems-assessment\\Flash\\gpio.AXF" 
Erase Done.
Programming Done.
Verify OK.
Build target 'STM32F407 Flash'
compiling main.c...
linking...
Program Size: Code=12154 RO-data=642 RW-data=80 ZI-data=5264  
".\Flash\gpio.axf" - 0 Error(s), 0 Warning(s).
Load "C:\\temp\\lt696\\systems-assessment\\Flash\\gpio.AXF" 
Load "C:\\temp\\lt696\\systems-assessment\\Flash\\gpio.AXF" 
Erase Done.
Programming Done.
Verify OK.
Build target 'STM32F407 Flash'
compiling main.c...
linking...
Program Size: Code=12010 RO-data=642 RW-data=80 ZI-data=5264  
".\Flash\gpio.axf" - 0 Error(s), 0 Warning(s).
Load "C:\\temp\\lt696\\systems-assessment\\Flash\\gpio.AXF" 
Load "C:\\temp\\lt696\\systems-assessment\\Flash\\gpio.AXF" 
Erase Done.
Programming Done.
Verify OK.
Build target 'STM32F407 Flash'
compiling main.c...
linking...
Program Size: Code=11446 RO-data=642 RW-data=80 ZI-data=5264  
".\Flash\gpio.axf" - 0 Error(s), 0 Warning(s).
Load "C:\\temp\\lt696\\systems-assessment\\Flash\\gpio.AXF" 
Erase Done.
Programming Done.
Verify OK.
